Status Code: 500
Response: {'detail': 'Database error during signup: password cannot be longer than 72 bytes, truncate manually if necessary (e.g. my_password[:72])'}
